Java HotSpot(TM) 64-Bit Server VM (25.301-b09) for windows-amd64 JRE (1.8.0_301-b09), built on Jun  9 2021 06:46:21 by "java_re" with MS VC++ 15.9 (VS2017)
Memory: 4k page, physical 16582596k(8798304k free), swap 19072964k(9393168k free)
CommandLine flags: -XX:InitialHeapSize=20971520 -XX:MaxHeapSize=20971520 -XX:MaxNewSize=10485760 -XX:NewSize=10485760 -XX:+PrintGC -XX:+PrintGCDetails -XX:+PrintGCTimeStamps -XX:+UseCompressedClassPointers -XX:+UseCompressedOops -XX:-UseLargePagesIndividualAllocation -XX:+UseParallelGC 
0.156: [GC (Allocation Failure) [PSYoungGen: 8191K->1008K(9216K)] 8191K->6978K(19456K), 0.0024780 secs] [Times: user=0.00 sys=0.00, real=0.00 secs] 
0.158: [Full GC (Ergonomics) [PSYoungGen: 1008K->0K(9216K)] [ParOldGen: 5970K->6875K(10240K)] 6978K->6875K(19456K), [Metaspace: 3253K->3253K(1056768K)], 0.0055618 secs] [Times: user=0.00 sys=0.00, real=0.00 secs] 
Heap
 PSYoungGen      total 9216K, used 4177K [0x00000000ff600000, 0x0000000100000000, 0x0000000100000000)
  eden space 8192K, 50% used [0x00000000ff600000,0x00000000ffa14568,0x00000000ffe00000)
  from space 1024K, 0% used [0x00000000ffe00000,0x00000000ffe00000,0x00000000fff00000)
  to   space 1024K, 0% used [0x00000000fff00000,0x00000000fff00000,0x0000000100000000)
 ParOldGen       total 10240K, used 6875K [0x00000000fec00000, 0x00000000ff600000, 0x00000000ff600000)
  object space 10240K, 67% used [0x00000000fec00000,0x00000000ff2b6f20,0x00000000ff600000)
 Metaspace       used 3281K, capacity 4496K, committed 4864K, reserved 1056768K
  class space    used 355K, capacity 388K, committed 512K, reserved 1048576K
